done seed003_ALONE.json SELF=0.785 in 51.2s
done seed003_YOKED.json SELF=0.787 in 57.5s
done seed003_FAITHFUL.json SELF=0.782 in 55.6s
done seed003_BIASED.json SELF=0.782 in 56.6s
done seed003_COLEARN.json SELF=0.782 in 90.7s
done seed017_ALONE.json SELF=0.770 in 55.0s
done seed017_YOKED.json SELF=0.770 in 57.7s
done seed017_FAITHFUL.json SELF=0.768 in 54.7s
done seed017_BIASED.json SELF=0.765 in 56.3s
done seed017_COLEARN.json SELF=0.765 in 82.3s
done seed029_ALONE.json SELF=0.769 in 47.8s
done seed029_YOKED.json SELF=0.768 in 54.1s
done seed029_FAITHFUL.json SELF=0.766 in 52.4s
done seed029_BIASED.json SELF=0.767 in 53.2s
done seed029_COLEARN.json SELF=0.764 in 81.1s
done seed041_ALONE.json SELF=0.768 in 48.6s
done seed041_YOKED.json SELF=0.769 in 54.5s
done seed041_FAITHFUL.json SELF=0.764 in 57.9s
done seed041_BIASED.json SELF=0.764 in 57.1s
done seed041_COLEARN.json SELF=0.766 in 85.7s
done seed059_ALONE.json SELF=0.768 in 50.6s
done seed059_YOKED.json SELF=0.769 in 54.0s
done seed059_FAITHFUL.json SELF=0.765 in 53.5s
done seed059_BIASED.json SELF=0.764 in 56.6s
done seed059_COLEARN.json SELF=0.763 in 86.2s
done seed073_ALONE.json SELF=0.781 in 50.6s
done seed073_YOKED.json SELF=0.781 in 53.5s
done seed073_FAITHFUL.json SELF=0.778 in 54.9s
done seed073_BIASED.json SELF=0.778 in 55.2s
done seed073_COLEARN.json SELF=0.778 in 80.1s
done seed097_ALONE.json SELF=0.774 in 46.8s
done seed097_YOKED.json SELF=0.772 in 51.2s
done seed097_FAITHFUL.json SELF=0.770 in 51.2s
done seed097_BIASED.json SELF=0.771 in 54.7s
done seed097_COLEARN.json SELF=0.767 in 86.1s
done seed113_ALONE.json SELF=0.776 in 51.5s
done seed113_YOKED.json SELF=0.774 in 58.3s
done seed113_FAITHFUL.json SELF=0.772 in 56.6s
done seed113_BIASED.json SELF=0.771 in 57.9s
done seed113_COLEARN.json SELF=0.770 in 89.9s
